// Jest Snapshot v1, https://goo.gl/fbAQLP

exports[`Dropdown should match snapshot 1`] = `
ShallowWrapper {
  "length": 1,
  Symbol(enzyme.__root__): [Circular],
  Symbol(enzyme.__unrendered__): <Dropdown
    bars={
        Array [
            12,
            13,
            14,
          ]
    }
/>,
  Symbol(enzyme.__renderer__): Object {
    "batchedUpdates": [Function],
    "getNode": [Function],
    "render": [Function],
    "simulateEvent": [Function],
    "unmount": [Function],
  },
  Symbol(enzyme.__node__): Object {
    "instance": null,
    "key": undefined,
    "nodeType": "class",
    "props": Object {
      "children": Array [
        <styled.option
          value={12}
>
          #progress
          1
</styled.option>,
        <styled.option
          value={13}
>
          #progress
          2
</styled.option>,
        <styled.option
          value={14}
>
          #progress
          3
</styled.option>,
      ],
      "className": undefined,
      "onChange": undefined,
    },
    "ref": null,
    "rendered": Array [
      Object {
        "instance": null,
        "key": "0",
        "nodeType": "class",
        "props": Object {
          "children": Array [
            "#progress",
            1,
          ],
          "value": 12,
        },
        "ref": null,
        "rendered": Array [
          "#progress",
          1,
        ],
        "type": [Function],
      },
      Object {
        "instance": null,
        "key": "1",
        "nodeType": "class",
        "props": Object {
          "children": Array [
            "#progress",
            2,
          ],
          "value": 13,
        },
        "ref": null,
        "rendered": Array [
          "#progress",
          2,
        ],
        "type": [Function],
      },
      Object {
        "instance": null,
        "key": "2",
        "nodeType": "class",
        "props": Object {
          "children": Array [
            "#progress",
            3,
          ],
          "value": 14,
        },
        "ref": null,
        "rendered": Array [
          "#progress",
          3,
        ],
        "type": [Function],
      },
    ],
    "type": [Function],
  },
  Symbol(enzyme.__nodes__): Array [
    Object {
      "instance": null,
      "key": undefined,
      "nodeType": "class",
      "props": Object {
        "children": Array [
          <styled.option
            value={12}
>
            #progress
            1
</styled.option>,
          <styled.option
            value={13}
>
            #progress
            2
</styled.option>,
          <styled.option
            value={14}
>
            #progress
            3
</styled.option>,
        ],
        "className": undefined,
        "onChange": undefined,
      },
      "ref": null,
      "rendered": Array [
        Object {
          "instance": null,
          "key": "0",
          "nodeType": "class",
          "props": Object {
            "children": Array [
              "#progress",
              1,
            ],
            "value": 12,
          },
          "ref": null,
          "rendered": Array [
            "#progress",
            1,
          ],
          "type": [Function],
        },
        Object {
          "instance": null,
          "key": "1",
          "nodeType": "class",
          "props": Object {
            "children": Array [
              "#progress",
              2,
            ],
            "value": 13,
          },
          "ref": null,
          "rendered": Array [
            "#progress",
            2,
          ],
          "type": [Function],
        },
        Object {
          "instance": null,
          "key": "2",
          "nodeType": "class",
          "props": Object {
            "children": Array [
              "#progress",
              3,
            ],
            "value": 14,
          },
          "ref": null,
          "rendered": Array [
            "#progress",
            3,
          ],
          "type": [Function],
        },
      ],
      "type": [Function],
    },
  ],
  Symbol(enzyme.__options__): Object {
    "adapter": ReactSixteenAdapter {
      "options": Object {
        "enableComponentDidUpdateOnSetState": true,
      },
    },
  },
}
`;
